// Jest Snapshot v1, https://goo.gl/fbAQLP

exports[`Board that it matches an existing snapshot 1`] = `
<div>
  <div
    className="callout-colors-example"
  >
    <Callout
      color="warning"
    >
      <h5 />
    </Callout>
    <Callout
      color="warning"
    >
      <h5 />
    </Callout>
    <NewCardForm
      addCard={[Function]}
    />
  </div>
  <div
    className="board"
  />
</div>
`;
