// Jest Snapshot v1, https://goo.gl/fbAQLP

exports[`Card that it matches an existing snapshot 1`] = `
<div
  className="card"
>
  <div
    className="card__content"
  >
     
    <button
      onClick={[Function]}
    >
      delete
    </button>
  </div>
</div>
`;
