// Jest Snapshot v1, https://goo.gl/fbAQLP

exports[`NewCardForm that it matches an existing snapshot 1`] = `
<form
  className="new-card-form"
  onSubmit={[Function]}
>
  <div>
    <label
      htmlFor="text"
    >
      Text: 
    </label>
    <input
      name="text"
      onChange={[Function]}
      type="text"
      value=""
    />
  </div>
  <div>
    <label
      htmlFor="emoji"
    >
      Emoji: 
    </label>
    <input
      name="emoji"
      onChange={[Function]}
      type="text"
      value=""
    />
  </div>
  <input
    className="button success"
    type="submit"
    value="Inspire"
  />
</form>
`;
